// Jest Snapshot v1, https://goo.gl/fbAQLP

exports[`<CopyToClipboardIcon /> wraps expected components 1`] = `
<div>
  <svg
    aria-hidden="true"
    class="svg-inline--fa fa-copy ms-2 copy-to-clipboard-icon"
    data-icon="copy"
    data-prefix="far"
    focusable="false"
    role="img"
    viewBox="0 0 512 512"
    xmlns="http://www.w3.org/2000/svg"
  >
    <path
      d="M224 0c-35.3 0-64 28.7-64 64V288c0 35.3 28.7 64 64 64H448c35.3 0 64-28.7 64-64V64c0-35.3-28.7-64-64-64H224zM64 160c-35.3 0-64 28.7-64 64V448c0 35.3 28.7 64 64 64H288c35.3 0 64-28.7 64-64V384H304v64c0 8.8-7.2 16-16 16H64c-8.8 0-16-7.2-16-16V224c0-8.8 7.2-16 16-16h64V160H64z"
      fill="currentColor"
    />
  </svg>
</div>
`;
